timed builds of the bench workflow, judged by rules ea47515f5ec1 (version 5, the rules this binary carries)
the rule: G2 the largest over the repetitions of the retention plus the slowness of the first 100 batches after it, within 1m0s (or, where no layout of the reference set fits, within x2.0 the best); G3 the median 99th-percentile commit over the repetitions, within x2.0 the best median of the reference set, not decided where L/off varies by more than x1.5; G4 the median, within x2.0 the best median; a gate passes only if it passes on both architectures; timings are compared within one CPU model, or pooled when every candidate compared has at least 3 repetitions
revision aaaaaaaaaaaa, family rmae, pins from the 2-day window, 6 builds from run 100
revision aaaaaaaaaaaa is an ancestor of origin/main
builds: no sync of the log, no rest after a retention, not rewritten into the canonical layout, metrics not sampled, settled each retention (deadline 2m0s); binaries aarch64 111111111111 and x86_64 222222222222 (go1.27.1)
plans: 7 days 605648e19d4d (1000 records, rules ea47515f5ec1)

builds (window, candidate, architecture, CPU model, repetitions):
  7 days  L/k64a2l1ns  aarch64  Test ARM A  1
  7 days  L/k64a2l1ns  x86_64   Test X86 B  1
  7 days  L/off        aarch64  Test ARM A  1
  7 days  L/off        x86_64   Test X86 A  1
  7 days  M/crdb1      aarch64  Test ARM A  1
  7 days  M/crdb1      x86_64   Test X86 A  1

the reference set (the best of G3 and G4 is taken over it): L/off, L/k64a2l1ns (the checkpoint policy G1 chose); M/crdb1 does not join: its median 99th-percentile commit at 7 days is not more than 10% below L/off's on either architecture (aarch64 Test ARM A: 2.01326592s against 10.48576ms; x86_64 Test X86 A: 3.221225472s against 15.72864ms), from run 100 at revision aaaaaaaaaaaa

NOT JUDGED:
  - 7 days, aarch64: single repetition: indicative only
  - 7 days, x86_64: not comparable: L/k64a2l1ns ran on Test X86 B, L/off on Test X86 A (fewer than 3 repetitions each)
  - 7 days, x86_64: single repetition: indicative only
  - 7 days: G0 of M/crdb1 is not established: no counters run of plan 605648e19d4d read it

the gates at 7 days (G0 from the counters runs on the same plan; G2 the largest longest retention over the repetitions; G3 and G4 the median over the repetitions against the best median of the reference set; both = the verdict, which needs both architectures; a line not judged shows what the value would give):
L/k64a2l1ns  G0 answers                                                           0 wrong, 0 wrong before compaction, 0 unstable (1 counters run)  limit none                                                                                                                       ok
L/k64a2l1ns  G2 retention and the slowness after it, aarch64 (largest of 1)       12.06s                                                           limit 1m0s                                                                                                                       ok (not judged: single repetition: indicative only)
L/k64a2l1ns  G2 retention and the slowness after it, x86_64 (largest of 1)        12.195s                                                          limit 1m0s                                                                                                                       ok (not judged: single repetition: indicative only)
L/k64a2l1ns  G2 retention and the slowness after it, both                         aarch64 ok, x86_64 ok                                            limit both architectures                                                                                                         ok (not judged: single repetition: indicative only)
L/k64a2l1ns  G3 batch commit, 99th percentile, aarch64 Test ARM A (median of 1)   939.524096ms                                                     limit 20.97152ms (x2.0 the best, 10.48576ms)                                                                                     OVER (not judged: single repetition: indicative only)
L/k64a2l1ns  G3 batch commit, 99th percentile, x86_64 (median of 1)               805.306368ms                                                     limit not comparable: L/k64a2l1ns ran on Test X86 B, L/off on Test X86 A (fewer than 3 repetitions each)                         not judged
L/k64a2l1ns  G3 batch commit, 99th percentile, both                               aarch64 OVER, x86_64 not comparable                              limit both architectures                                                                                                         not judged
L/k64a2l1ns  G4 table bytes per record, aarch64 (median of 1)                     44.0                                                             limit 80.0 (x2.0 the best, 40.0)                                                                                                 ok (not judged: single repetition: indicative only)
L/k64a2l1ns  G4 table bytes per record, x86_64 (median of 1)                      44.0                                                             limit 80.0 (x2.0 the best, 40.0)                                                                                                 ok (not judged: single repetition: indicative only)
L/k64a2l1ns  G4 table bytes per record, both                                      aarch64 ok, x86_64 ok                                            limit both architectures                                                                                                         ok (not judged: single repetition: indicative only)
L/k64a2l1ns  checkpoint bytes written, share of bytes in, aarch64 (largest of 1)  8.0%                                                             limit 20% (the design is reopened above it)                                                                                      ok (not judged: single repetition: indicative only)
L/k64a2l1ns  checkpoint bytes written, share of bytes in, x86_64 (largest of 1)   8.0%                                                             limit 20% (the design is reopened above it)                                                                                      ok (not judged: single repetition: indicative only)
L/k64a2l1ns  checkpoint bytes written, share of bytes in, both                    aarch64 ok, x86_64 ok                                            limit both architectures                                                                                                         ok (not judged: single repetition: indicative only)
L/off        G0 answers                                                           0 wrong, 0 wrong before compaction, 0 unstable (1 counters run)  limit none                                                                                                                       ok
L/off        G2 retention and the slowness after it, aarch64 (largest of 1)       20s                                                              limit 1m0s                                                                                                                       ok (not judged: single repetition: indicative only)
L/off        G2 retention and the slowness after it, x86_64 (largest of 1)        20s                                                              limit 1m0s                                                                                                                       ok (not judged: single repetition: indicative only)
L/off        G2 retention and the slowness after it, both                         aarch64 ok, x86_64 ok                                            limit both architectures                                                                                                         ok (not judged: single repetition: indicative only)
L/off        G3 batch commit, 99th percentile, aarch64 Test ARM A (median of 1)   10.48576ms                                                       limit 20.97152ms (x2.0 the best, 10.48576ms)                                                                                     ok (not judged: single repetition: indicative only)
L/off        G3 batch commit, 99th percentile, x86_64 (median of 1)               15.72864ms                                                       limit not comparable: L/k64a2l1ns ran on Test X86 B, L/off on Test X86 A (fewer than 3 repetitions each)                         not judged
L/off        G3 batch commit, 99th percentile, both                               aarch64 ok, x86_64 not comparable                                limit both architectures                                                                                                         not judged
L/off        G4 table bytes per record, aarch64 (median of 1)                     40.0                                                             limit 80.0 (x2.0 the best, 40.0)                                                                                                 ok (not judged: single repetition: indicative only)
L/off        G4 table bytes per record, x86_64 (median of 1)                      40.0                                                             limit 80.0 (x2.0 the best, 40.0)                                                                                                 ok (not judged: single repetition: indicative only)
L/off        G4 table bytes per record, both                                      aarch64 ok, x86_64 ok                                            limit both architectures                                                                                                         ok (not judged: single repetition: indicative only)
M/crdb1      G0 answers                                                           not established                                                  limit none                                                                                                                       not judged (G0 of M/crdb1 is not established: no counters run of plan 605648e19d4d read it)
M/crdb1      G2 retention and the slowness after it, aarch64 (largest of 1)       8.987s                                                           limit 1m0s                                                                                                                       ok (not judged: single repetition: indicative only)
M/crdb1      G2 retention and the slowness after it, x86_64 (largest of 1)        7.779s                                                           limit 1m0s                                                                                                                       ok (not judged: single repetition: indicative only)
M/crdb1      G2 retention and the slowness after it, both                         aarch64 ok, x86_64 ok                                            limit both architectures                                                                                                         ok (not judged: single repetition: indicative only)
M/crdb1      G3 batch commit, 99th percentile, aarch64 Test ARM A (median of 1)   2.01326592s                                                      limit 20.97152ms (x2.0 the best, 10.48576ms)                                                                                     OVER (not judged: G0 of M/crdb1 is not established: no counters run of plan 605648e19d4d read it)
M/crdb1      G3 batch commit, 99th percentile, x86_64 (median of 1)               3.221225472s                                                     limit not comparable: L/k64a2l1ns ran on Test X86 B, L/off on Test X86 A, M/crdb1 on Test X86 A (fewer than 3 repetitions each)  not judged
M/crdb1      G3 batch commit, 99th percentile, both                               aarch64 OVER, x86_64 not comparable                              limit both architectures                                                                                                         not judged
M/crdb1      G4 table bytes per record, aarch64 (median of 1)                     30.0                                                             limit 80.0 (x2.0 the best, 40.0)                                                                                                 ok (not judged: G0 of M/crdb1 is not established: no counters run of plan 605648e19d4d read it)
M/crdb1      G4 table bytes per record, x86_64 (median of 1)                      30.0                                                             limit 80.0 (x2.0 the best, 40.0)                                                                                                 ok (not judged: G0 of M/crdb1 is not established: no counters run of plan 605648e19d4d read it)
M/crdb1      G4 table bytes per record, both                                      aarch64 ok, x86_64 ok                                            limit both architectures                                                                                                         ok (not judged: G0 of M/crdb1 is not established: no counters run of plan 605648e19d4d read it)

diagnostics at 7 days (they do not decide; the first batch after a retention is judged under G2 since rules 5):
L/k64a2l1ns  aarch64 Test ARM A  first batch after a retention, longest (median of 1)  6s   former rule x2.0 the best 5ms: OVER
L/k64a2l1ns  aarch64             retention alone, longest (largest of 1)               7s   
L/k64a2l1ns  aarch64             settling of a retention, longest (largest of 1)       1s   deadline reached 0 times
L/k64a2l1ns  x86_64              first batch after a retention, longest (median of 1)  6s   former rule: not comparable: L/k64a2l1ns ran on Test X86 B, L/off on Test X86 A (fewer than 3 repetitions each)
L/k64a2l1ns  x86_64              retention alone, longest (largest of 1)               7s   
L/k64a2l1ns  x86_64              settling of a retention, longest (largest of 1)       1s   deadline reached 0 times
L/off        aarch64 Test ARM A  first batch after a retention, longest (median of 1)  5ms  former rule x2.0 the best 5ms: ok
L/off        aarch64             retention alone, longest (largest of 1)               20s  
L/off        aarch64             settling of a retention, longest (largest of 1)       1s   deadline reached 0 times
L/off        x86_64              first batch after a retention, longest (median of 1)  5ms  former rule: not comparable: L/k64a2l1ns ran on Test X86 B, L/off on Test X86 A (fewer than 3 repetitions each)
L/off        x86_64              retention alone, longest (largest of 1)               20s  
L/off        x86_64              settling of a retention, longest (largest of 1)       1s   deadline reached 0 times
M/crdb1      aarch64             first batch after a retention, longest (median of 1)  5s   former rule not applied: G0 of M/crdb1 is not established: no counters run of plan 605648e19d4d read it
M/crdb1      aarch64             retention alone, longest (largest of 1)               6s   
M/crdb1      aarch64             settling of a retention, longest (largest of 1)       1s   deadline reached 0 times
M/crdb1      x86_64              first batch after a retention, longest (median of 1)  5s   former rule not applied: G0 of M/crdb1 is not established: no counters run of plan 605648e19d4d read it
M/crdb1      x86_64              retention alone, longest (largest of 1)               6s   
M/crdb1      x86_64              settling of a retention, longest (largest of 1)       1s   deadline reached 0 times
